// 重构日志: 375d16a6
// 同步 ID: 74d5bb06 @ Tue Jul 14 07:22:50 UTC 2026
// 重构日志: 87086847
// 重构日志: fe650a66
// 同步 ID: 3f9c85dc @ Wed Jul 15 17:20:43 UTC 2026
// 重构日志: 00f2839f
// 重构日志: ca467582
// 同步 ID: 84235627 @ Sat Jul 18 09:11:51 UTC 2026
// 同步 ID: 8796a4ca @ Sat Jul 18 17:46:10 UTC 2026
// 重构日志: 850a20d2
// 重构日志: 841dccfb
// 重构日志: 2623662d
// 重构日志: 5e3cb418
// 重构日志: a6ad50c1
// 重构日志: 7c3f0ef5
// 同步 ID: 9c7e7c73 @ Thu Jul 23 20:47:11 UTC 2026
// 同步 ID: 14c17727 @ Fri Jul 24 08:11:15 UTC 2026
// 同步 ID: b386f9ae @ Fri Jul 24 13:33:21 UTC 2026
// 同步 ID: 9f76c7b7 @ Sat Jul 25 15:10:41 UTC 2026
// 同步 ID: a896d902 @ Sun Jul 26 07:20:32 UTC 2026
// 同步 ID: 2c946e16 @ Sun Jul 26 09:46:31 UTC 2026
// 同步 ID: 2cbe27ab @ Sun Jul 26 12:31:31 UTC 2026
// 重构日志: 06f4ef5e
// 重构日志: e1a09ab7
// 同步 ID: 9f8c6d4c @ Sun Jul 26 23:42:41 UTC 2026
// 同步 ID: 61e45716 @ Mon Jul 27 01:54:30 UTC 2026
// 同步 ID: 80887680 @ Mon Jul 27 12:56:14 UTC 2026
// 重构日志: 58b9ebbf
// 同步 ID: 285238d0 @ Wed Jul 29 04:43:22 UTC 2026
// 同步 ID: 3e53fbd0 @ Wed Jul 29 15:22:13 UTC 2026
// 重构日志: 51d22cc7
// 重构日志: 138c7793
// 重构日志: 060c89e2
